###############################################################################
#
# IAR ELF Linker V9.10.1.308/W64 for ARM                  21/Feb/2024  13:27:55
# Copyright 2007-2021 IAR Systems AB.
#
#    Output file  =  D:\RTOS\LAB1\Debug\Exe\Lab_1.out
#    Map file     =  D:\RTOS\LAB1\Debug\List\Lab_1.map
#    Command line =
#        -f D:\RTOS\LAB1\Debug\Exe\Lab_1.out.rsp (D:\RTOS\LAB1\Debug\Obj\main.o
#        D:\RTOS\LAB1\Debug\Obj\startup_ewarm.o --no_out_extension -o
#        D:\RTOS\LAB1\Debug\Exe\Lab_1.out --redirect _Printf=_PrintfFullNoMb
#        --redirect _Scanf=_ScanfFullNoMb --map
#        D:\RTOS\LAB1\Debug\List\Lab_1.map --config "C:\Program Files\IAR
#        Systems\Embedded Workbench
#        9.0\arm\config\linker\TexasInstruments\TM4C123GH6.icf" --semihosting
#        --entry __iar_program_start --vfe --text_out locale)
#
###############################################################################

*******************************************************************************
*** RUNTIME MODEL ATTRIBUTES
***

CppFlavor       = *
__SystemLibrary = DLib
__dlib_version  = 6


*******************************************************************************
*** HEAP SELECTION
***

The basic heap was selected because no calls to memory allocation
functions were found in the application outside of system library
functions, and there are calls to deallocation functions in the
application.


*******************************************************************************
*** PLACEMENT SUMMARY
***

"A0":  place at address 0x0 { ro section .intvec };
"P1":  place in [from 0x0 to 0x3'ffff] { ro };
define block CSTACK with size = 4K, alignment = 8 { };
define block HEAP with size = 8K, alignment = 8 { };
"P2":  place in [from 0x2000'0000 to 0x2000'7fff] {
          rw, block CSTACK, block HEAP };
do not initialize { rw section .noinit };
initialize by copy { rw };

  Section            Kind         Address   Size  Object
  -------            ----         -------   ----  ------
"A0":                                      0x26c
  .intvec            const            0x0  0x26c  startup_ewarm.o [1]
                                  - 0x26c  0x26c

"P1":                                      0x1f8
  .text              ro code        0x26c   0xee  main.o [1]
  .text              ro code        0x35a   0x2a  copy_init3.o [4]
  .text              ro code        0x384   0x28  data_init.o [4]
  .text              ro code        0x3ac   0x22  fpinit_M.o [3]
  .iar.init_table    const          0x3d0   0x14  - Linker created -
  .text              ro code        0x3e4   0x1e  cmain.o [4]
  .text              ro code        0x402    0x4  low_level_init.o [2]
  .text              ro code        0x406    0x4  exit.o [2]
  .text              ro code        0x40c    0xa  cexit.o [4]
  .text              ro code        0x418   0x14  exit.o [5]
  .text              ro code        0x42c   0x1c  cstartup_M.o [4]
  .text              ro code        0x448    0xe  startup_ewarm.o [1]
  Initializer bytes  const          0x458    0xc  <for P2-1>
  .rodata            const          0x464    0x0  copy_init3.o [4]
                                  - 0x464  0x1f8

"P2", part 1 of 2:                           0xc
  P2-1                        0x2000'0000    0xc  <Init block>
    .data            inited   0x2000'0000    0x4  main.o [1]
    .bss             inited   0x2000'0004    0x4  main.o [1]
    .bss             inited   0x2000'0008    0x4  main.o [1]
                            - 0x2000'000c    0xc

"P2", part 2 of 2:                         0x400
  .noinit            uninit   0x2000'000c  0x400  startup_ewarm.o [1]
                            - 0x2000'040c  0x400

Unused ranges:

         From           To      Size
         ----           --      ----
        0x464     0x3'ffff  0x3'fb9c
  0x2000'040c  0x2000'7fff    0x7bf4


*******************************************************************************
*** INIT TABLE
***

          Address      Size
          -------      ----
Copy (__iar_copy_init3)
    1 source range, total size 0xc:
                0x458   0xc
    1 destination range, total size 0xc:
          0x2000'0000   0xc



*******************************************************************************
*** MODULE SUMMARY
***

    Module            ro code  ro data  rw data
    ------            -------  -------  -------
command line/config:
    -------------------------------------------
    Total:

D:\RTOS\LAB1\Debug\Obj: [1]
    main.o                238       12       12
    startup_ewarm.o        14      620    1'024
    -------------------------------------------
    Total:                252      632    1'036

dl7M_tln.a: [2]
    exit.o                  4
    low_level_init.o        4
    -------------------------------------------
    Total:                  8

m7M_tls.a: [3]
    fpinit_M.o             34
    -------------------------------------------
    Total:                 34

rt7M_tl.a: [4]
    cexit.o                10
    cmain.o                30
    copy_init3.o           42
    cstartup_M.o           28
    data_init.o            40
    -------------------------------------------
    Total:                150

shb_l.a: [5]
    exit.o                 20
    -------------------------------------------
    Total:                 20

    Gaps                    4        2
    Linker created                  22
-----------------------------------------------
    Grand Total:          468      656    1'036


*******************************************************************************
*** ENTRY LIST
***

Entry                       Address   Size  Type      Object
-----                       -------   ----  ----      ------
.iar.init_table$$Base         0x3d0          --   Gb  - Linker created -
.iar.init_table$$Limit        0x3e4          --   Gb  - Linker created -
?main                         0x3e5         Code  Gb  cmain.o [4]
FaultISR                      0x453    0x2  Code  Lc  startup_ewarm.o [1]
IntDefaultHandler             0x455    0x2  Code  Lc  startup_ewarm.o [1]
NmiSR                         0x451    0x2  Code  Lc  startup_ewarm.o [1]
Region$$Table$$Base           0x3d0          --   Gb  - Linker created -
Region$$Table$$Limit          0x3e4          --   Gb  - Linker created -
ResetISR                      0x449    0x8  Code  Gb  startup_ewarm.o [1]
__cmain                       0x3e5         Code  Gb  cmain.o [4]
__exit                        0x419   0x14  Code  Gb  exit.o [5]
__iar_copy_init3              0x35b   0x2a  Code  Gb  copy_init3.o [4]
__iar_data_init3              0x385   0x28  Code  Gb  data_init.o [4]
__iar_init_vfp                0x3ad         Code  Gb  fpinit_M.o [3]
__iar_program_start           0x42d         Code  Gb  cstartup_M.o [4]
__low_level_init              0x403    0x4  Code  Gb  low_level_init.o [2]
__vector_table                  0x0  0x26c  Data  Gb  startup_ewarm.o [1]
_call_main                    0x3f1         Code  Gb  cmain.o [4]
_exit                         0x40d         Code  Gb  cexit.o [4]
blinky_red                    0x2d1   0x52  Code  Gb  main.o [1]
delay                         0x2b1   0x20  Code  Gb  main.o [1]
exit                          0x407    0x4  Code  Gb  exit.o [2]
l_tickCntr              0x2000'0004    0x4  Data  Lc  main.o [1]
main                          0x349   0x12  Code  Gb  main.o [1]
portF_init                    0x26d   0x26  Code  Gb  main.o [1]
pui32Stack              0x2000'000c  0x400  Data  Lc  startup_ewarm.o [1]
start                   0x2000'0008    0x4  Data  Gb  main.o [1]
systick_Handler               0x2a3    0xc  Code  Gb  main.o [1]
systick_init                  0x293   0x10  Code  Gb  main.o [1]
ticks                   0x2000'0000    0x4  Data  Gb  main.o [1]


[1] = D:\RTOS\LAB1\Debug\Obj
[2] = dl7M_tln.a
[3] = m7M_tls.a
[4] = rt7M_tl.a
[5] = shb_l.a

    468 bytes of readonly  code memory
    656 bytes of readonly  data memory
  1'036 bytes of readwrite data memory

Errors: none
Warnings: none
