###############################################################################
#
# IAR ELF Linker V9.10.1.308/W64 for ARM                  06/Mar/2024  12:01:01
# Copyright 2007-2021 IAR Systems AB.
#
#    Output file  =  D:\RTOS\RTOS Labs\LAB3\Debug\Exe\Lab3.out
#    Map file     =  D:\RTOS\RTOS Labs\LAB3\Debug\List\Lab3.map
#    Command line =
#        -f "D:\RTOS\RTOS Labs\LAB3\Debug\Exe\Lab3.out.rsp" ("D:\RTOS\RTOS
#        Labs\LAB3\Debug\Obj\leds_driver.o" "D:\RTOS\RTOS
#        Labs\LAB3\Debug\Obj\main.o" "D:\RTOS\RTOS
#        Labs\LAB3\Debug\Obj\scheduler.o" "D:\RTOS\RTOS
#        Labs\LAB3\Debug\Obj\startup_ewarm.o" "D:\RTOS\RTOS
#        Labs\LAB3\Debug\Obj\SysTick.o" --no_out_extension -o "D:\RTOS\RTOS
#        Labs\LAB3\Debug\Exe\Lab3.out" --redirect _Printf=_PrintfFullNoMb
#        --redirect _Scanf=_ScanfFullNoMb --map "D:\RTOS\RTOS
#        Labs\LAB3\Debug\List\Lab3.map" --config "C:\Program Files\IAR
#        Systems\Embedded Workbench
#        9.0\arm\config\linker\TexasInstruments\TM4C123GH6.icf" --semihosting
#        --entry __iar_program_start --vfe --text_out locale)
#
###############################################################################

*******************************************************************************
*** RUNTIME MODEL ATTRIBUTES
***

CppFlavor       = *
__SystemLibrary = DLib
__dlib_version  = 6


*******************************************************************************
*** HEAP SELECTION
***

The basic heap was selected because no calls to memory allocation
functions were found in the application outside of system library
functions, and there are calls to deallocation functions in the
application.


*******************************************************************************
*** PLACEMENT SUMMARY
***

"A0":  place at address 0x0 { ro section .intvec };
"P1":  place in [from 0x0 to 0x3'ffff] { ro };
define block CSTACK with size = 4K, alignment = 8 { };
define block HEAP with size = 8K, alignment = 8 { };
"P2":  place in [from 0x2000'0000 to 0x2000'7fff] {
          rw, block CSTACK, block HEAP };
do not initialize { rw section .noinit };

  Section          Kind         Address   Size  Object
  -------          ----         -------   ----  ------
"A0":                                    0x26c
  .intvec          const            0x0  0x26c  startup_ewarm.o [1]
                                - 0x26c  0x26c

"P1":                                    0x27a
  .text            ro code        0x26c   0x7c  scheduler.o [1]
  .text            ro code        0x2e8   0x60  leds_driver.o [1]
  .text            ro code        0x348   0x50  main.o [1]
  .text            ro code        0x398   0x48  SysTick.o [1]
  .text            ro code        0x3e0   0x38  zero_init3.o [4]
  .text            ro code        0x418   0x28  data_init.o [4]
  .text            ro code        0x440   0x22  fpinit_M.o [3]
  .iar.init_table  const          0x464   0x10  - Linker created -
  .text            ro code        0x474   0x1e  cmain.o [4]
  .text            ro code        0x492    0x4  low_level_init.o [2]
  .text            ro code        0x496    0x4  exit.o [2]
  .text            ro code        0x49c    0xa  cexit.o [4]
  .text            ro code        0x4a8   0x14  exit.o [5]
  .text            ro code        0x4bc   0x1c  cstartup_M.o [4]
  .text            ro code        0x4d8    0xe  startup_ewarm.o [1]
  .rodata          const          0x4e6    0x0  zero_init3.o [4]
                                - 0x4e6  0x27a

"P2", part 1 of 2:                        0x24
  .bss             zero     0x2000'0000   0x18  scheduler.o [1]
  .bss             zero     0x2000'0018    0x4  scheduler.o [1]
  .bss             zero     0x2000'001c    0x4  SysTick.o [1]
  .bss             zero     0x2000'0020    0x4  SysTick.o [1]
                          - 0x2000'0024   0x24

"P2", part 2 of 2:                       0x400
  .noinit          uninit   0x2000'0024  0x400  startup_ewarm.o [1]
                          - 0x2000'0424  0x400

Unused ranges:

         From           To      Size
         ----           --      ----
        0x4e6     0x3'ffff  0x3'fb1a
  0x2000'0424  0x2000'7fff    0x7bdc


*******************************************************************************
*** INIT TABLE
***

          Address      Size
          -------      ----
Zero (__iar_zero_init3)
    1 destination range, total size 0x24:
          0x2000'0000  0x24



*******************************************************************************
*** MODULE SUMMARY
***

    Module            ro code  ro data  rw data
    ------            -------  -------  -------
command line/config:
    -------------------------------------------
    Total:

D:\RTOS\RTOS Labs\LAB3\Debug\Obj: [1]
    SysTick.o              72                 8
    leds_driver.o          96
    main.o                 80
    scheduler.o           124                28
    startup_ewarm.o        14      620    1'024
    -------------------------------------------
    Total:                386      620    1'060

dl7M_tln.a: [2]
    exit.o                  4
    low_level_init.o        4
    -------------------------------------------
    Total:                  8

m7M_tls.a: [3]
    fpinit_M.o             34
    -------------------------------------------
    Total:                 34

rt7M_tl.a: [4]
    cexit.o                10
    cmain.o                30
    cstartup_M.o           28
    data_init.o            40
    zero_init3.o           56
    -------------------------------------------
    Total:                164

shb_l.a: [5]
    exit.o                 20
    -------------------------------------------
    Total:                 20

    Gaps                    4        2
    Linker created                  16
-----------------------------------------------
    Grand Total:          616      638    1'060


*******************************************************************************
*** ENTRY LIST
***

Entry                       Address   Size  Type      Object
-----                       -------   ----  ----      ------
.iar.init_table$$Base         0x464          --   Gb  - Linker created -
.iar.init_table$$Limit        0x474          --   Gb  - Linker created -
?main                         0x475         Code  Gb  cmain.o [4]
FaultISR                      0x4e3    0x2  Code  Lc  startup_ewarm.o [1]
IntDefaultHandler             0x4e5    0x2  Code  Lc  startup_ewarm.o [1]
NmiSR                         0x4e1    0x2  Code  Lc  startup_ewarm.o [1]
Region$$Table$$Base           0x464          --   Gb  - Linker created -
Region$$Table$$Limit          0x474          --   Gb  - Linker created -
ResetISR                      0x4d9    0x8  Code  Gb  startup_ewarm.o [1]
SysTick_Handler               0x3b5   0x12  Code  Gb  SysTick.o [1]
SysTick_Setup_Second          0x399   0x1c  Code  Gb  SysTick.o [1]
Tasks_Scheduler               0x299   0x40  Code  Gb  scheduler.o [1]
__cmain                       0x475         Code  Gb  cmain.o [4]
__exit                        0x4a9   0x14  Code  Gb  exit.o [5]
__iar_data_init3              0x419   0x28  Code  Gb  data_init.o [4]
__iar_init_vfp                0x441         Code  Gb  fpinit_M.o [3]
__iar_program_start           0x4bd         Code  Gb  cstartup_M.o [4]
__iar_zero_init3              0x3e1   0x38  Code  Gb  zero_init3.o [4]
__low_level_init              0x493    0x4  Code  Gb  low_level_init.o [2]
__vector_table                  0x0  0x26c  Data  Gb  startup_ewarm.o [1]
_call_main                    0x481         Code  Gb  cmain.o [4]
_exit                         0x49d         Code  Gb  cexit.o [4]
counter                 0x2000'001c    0x4  Data  Gb  SysTick.o [1]
create_task                   0x26d   0x2a  Code  Gb  scheduler.o [1]
cur_task                0x2000'0018    0x4  Data  Gb  scheduler.o [1]
exit                          0x497    0x4  Code  Gb  exit.o [2]
flag                    0x2000'0020    0x4  Data  Gb  SysTick.o [1]
main                          0x361   0x2a  Code  Gb  main.o [1]
portF_init                    0x2e9   0x26  Code  Gb  leds_driver.o [1]
pui32Stack              0x2000'0024  0x400  Data  Lc  startup_ewarm.o [1]
task_1                        0x349    0x8  Code  Gb  main.o [1]
task_2                        0x351    0x8  Code  Gb  main.o [1]
task_3                        0x359    0x8  Code  Gb  main.o [1]
tasks                   0x2000'0000   0x18  Data  Gb  scheduler.o [1]
toggle_blue                   0x31d    0xe  Code  Gb  leds_driver.o [1]
toggle_green                  0x32b    0xe  Code  Gb  leds_driver.o [1]
toggle_red                    0x30f    0xe  Code  Gb  leds_driver.o [1]


[1] = D:\RTOS\RTOS Labs\LAB3\Debug\Obj
[2] = dl7M_tln.a
[3] = m7M_tls.a
[4] = rt7M_tl.a
[5] = shb_l.a

    616 bytes of readonly  code memory
    638 bytes of readonly  data memory
  1'060 bytes of readwrite data memory

Errors: none
Warnings: none
